Analyzing home_page.dart...                                     

   info - Don't use 'BuildContext's across async gaps, guarded by an unrelated 'mounted' check - lib\pages\home_page.dart:729:29 - use_build_context_synchronously
  error - Expected an identifier - lib\pages\home_page.dart:1006:11 - missing_identifier
  error - Expected to find ')' - lib\pages\home_page.dart:1006:11 - expected_token
  error - Expected to find ';' - lib\pages\home_page.dart:1008:7 - expected_token
warning - Dead code - lib\pages\home_page.dart:1008:8 - dead_code
  error - Expected an identifier - lib\pages\home_page.dart:1008:8 - missing_identifier
  error - Expected to find ';' - lib\pages\home_page.dart:1008:8 - expected_token
  error - Unexpected text ';' - lib\pages\home_page.dart:1008:8 - unexpected_token
  error - Expected an identifier - lib\pages\home_page.dart:1009:5 - missing_identifier
  error - Unexpected text ';' - lib\pages\home_page.dart:1009:5 - unexpected_token
   info - Unnecessary empty statement - lib\pages\home_page.dart:1009:6 - empty_statements
  error - Expected to find ';' - lib\pages\home_page.dart:1276:10 - expected_token
warning - Dead code - lib\pages\home_page.dart:1277:13 - dead_code
  error - Expected an identifier - lib\pages\home_page.dart:1277:13 - missing_identifier
  error - Unexpected text ';' - lib\pages\home_page.dart:1277:13 - unexpected_token
   info - Unnecessary empty statement - lib\pages\home_page.dart:1277:14 - empty_statements
  error - Expected a class member - lib\pages\home_page.dart:1280:8 - expected_class_member
  error - Expected a class member - lib\pages\home_page.dart:1281:5 - expected_class_member
  error - Expected a class member - lib\pages\home_page.dart:1281:6 - expected_class_member
  error - Expected a method, getter, setter or operator declaration - lib\pages\home_page.dart:1283:1 - expected_executable

